Microchip MPLAB XC8 Compiler V2.36

Linker command line:

-W-3 --edf=C:\Program Files\Microchip\xc8\v2.36\pic\dat\en_msgs.txt -cn \
  -h+dist/default/debug\practice05.X.debug.sym \
  --cmf=dist/default/debug\practice05.X.debug.cmf -z -Q18F45K50 \
  -oC:\Users\Atzu2\AppData\Local\Temp\xcAslho.4 --defsym=__MPLAB_BUILD=1 \
  -Mdist/default/debug/practice05.X.debug.map \
  --md=C:\Users\Atzu2\AppData\Local\Temp\xcAslho.dat -E1 -ver=XC8 Compiler \
  --acfsm=1493 -ACODE=00h-07FFFh -ACONST=00h-07FFFh \
  -ASMALLCONST=0800h-08FFhx120 -AMEDIUMCONST=0800h-07FFFh -ACOMRAM=01h-05Fh \
  -AABS1=00h-07FFh -ABIGRAM=01h-07FFh -ARAM=060h-0FFh,0100h-01FFhx7 \
  -ABANK0=060h-0FFh -ABANK1=0100h-01FFh -ABANK2=0200h-02FFh \
  -ABANK3=0300h-03FFh -ABANK4=0400h-04FFh -ABANK5=0500h-05FFh \
  -ABANK6=0600h-06FFh -ABANK7=0700h-07FFh -ASFR=0F53h-0F5Fh,0F60h-0FFCh \
  -ABIGSFR=0F53h-0FFCh -ACONFIG=0300000h-030000Dh -AIDLOC=0200000h-0200007h \
  -AEEDATA=0F00000h-0F000FFh -peeprom_data=EEDATA \
  -preset_vec=00h,intcode,intcodelo,powerup,init -pramtop=0800h \
  -psmallconst=SMALLCONST -pmediumconst=MEDIUMCONST -pconst=CONST \
  -AFARRAM=00h-00h \
  -prdata=COMRAM,nvrram=COMRAM,nvbit=COMRAM,rbss=COMRAM,rbit=COMRAM \
  -pfarbss=FARRAM,fardata=FARRAM,nvFARRAM=FARRAM \
  -pintsave_regs=BIGRAM,bigbss=BIGRAM,bigdata=BIGRAM -pbss=RAM \
  -pidata=CODE,irdata=CODE,ibigdata=CODE,ifardata=CODE -prparam=COMRAM \
  C:\Users\Atzu2\AppData\Local\Temp\xcAslho.o \
  dist/default/debug\practice05.X.debug.o 

Object code version is 3.11

Machine type is 18F45K50



                Name                               Link     Load   Length Selector   Space Scale
C:\Users\Atzu2\AppData\Local\Temp\xcAslho.o
                idloc                            200000   200000        8        0       5
                config                           300000   300000        E        0       4
                init                                  2        2        4        0       0
                reset_vec                             0        0        2        0       0
dist/default/debug\practice05.X.debug.o
                idloc                            200000   200000        8        0       5
                config                           300000   300000        E        0       4
                smallconst                          800      800       80      400       0
                text17                             4BF2     4BF2       B0      440       0
                text16                             49E6     49E6      108      440       0
                text15                             4E6E     4E6E       1A      440       0
                text14                             3F22     3F22      39A      440       0
                text13                             4DBE     4DBE       38      440       0
                text12                             3638     3638      4C0      440       0
                text11                             4D78     4D78       46      440       0
                text10                             4832     4832      1B4      440       0
                text9                              4DF6     4DF6       34      440       0
                text8                              3AF8     3AF8      42A      440       0
                text7                              45FE     45FE      234      440       0
                text6                              4AEE     4AEE      104      440       0
                text5                              4E4C     4E4C       22      440       0
                text4                              3178     3178      4C0      440       0
                text3                               880      880     28F8      440       0
                text2                              4D0E     4D0E       6A      440       0
                text1                              4CA2     4CA2       6C      440       0
                text0                              42BC     42BC      342      440       0
                cstackCOMRAM                          1        1       5A        1       1
                cstackBANK0                          60       60       36       60       1
                cstackBANK1                         100      100       B8      100       1
                bssBANK0                             96       96        9       60       1
                bssCOMRAM                            5B       5B        4        1       1
                cinit                              4E2A     4E2A       22      440       0
                nvBANK0                              9F       9F        2       60       1

TOTAL           Name                               Link     Load   Length     Space
        CLASS   CODE           
                init                                  2        2        4         0
                reset_vec                             0        0        2         0
                text17                             4BF2     4BF2       B0         0
                text16                             49E6     49E6      108         0
                text15                             4E6E     4E6E       1A         0
                text14                             3F22     3F22      39A         0
                text13                             4DBE     4DBE       38         0
                text12                             3638     3638      4C0         0
                text11                             4D78     4D78       46         0
                text10                             4832     4832      1B4         0
                text9                              4DF6     4DF6       34         0
                text8                              3AF8     3AF8      42A         0
                text7                              45FE     45FE      234         0
                text6                              4AEE     4AEE      104         0
                text5                              4E4C     4E4C       22         0
                text4                              3178     3178      4C0         0
                text3                               880      880     28F8         0
                text2                              4D0E     4D0E       6A         0
                text1                              4CA2     4CA2       6C         0
                text0                              42BC     42BC      342         0
                cinit                              4E2A     4E2A       22         0

        CLASS   CONST          

        CLASS   SMALLCONST     
                smallconst                          800      800       80         0

        CLASS   MEDIUMCONST    

        CLASS   COMRAM         
                cstackCOMRAM                          1        1       5A         1
                bssCOMRAM                            5B       5B        4         1

        CLASS   ABS1           

        CLASS   BIGRAM         

        CLASS   RAM            

        CLASS   BANK0          
                cstackBANK0                          60       60       36         1
                bssBANK0                             96       96        9         1
                nvBANK0                              9F       9F        2         1

        CLASS   BANK1          
                cstackBANK1                         100      100       B8         1

        CLASS   BANK2          

        CLASS   BANK3          

        CLASS   BANK4          

        CLASS   BANK5          

        CLASS   BANK6          

        CLASS   BANK7          

        CLASS   SFR            

        CLASS   BIGSFR         

        CLASS   CONFIG         
                config                           300000   300000        E         4

        CLASS   IDLOC          
                idloc                            200000   200000        8         5

        CLASS   EEDATA         

        CLASS   FARRAM         

        CLASS   HEAP           

        CLASS   STACK          



SEGMENTS        Name                           Load    Length   Top    Selector   Space  Class

                reset_vec                      000000  000006  000006         0       0  CODE    
                cstackCOMRAM                   000001  00005E  00005F         1       1  COMRAM  
                cstackBANK0                    000060  000041  0000A1        60       1  BANK0   
                cstackBANK1                    000100  0000B8  0001B8       100       1  BANK1   
                smallconst                     000800  000080  000880       400       0  SMALLCON
                text3                          000880  004608  004E88       440       0  CODE    


UNUSED ADDRESS RANGES

        Name                Unused          Largest block    Delta
        BANK0            0000A1-0000FF               5F
        BANK1            0001B8-0001FF               48
        BANK2            000200-0002FF              100
        BANK3            000300-0003FF              100
        BANK4            000400-0004FF              100
        BANK5            000500-0005FF              100
        BANK6            000600-0006FF              100
        BANK7            000700-0007FF              100
        BIGRAM           00005F-00005F                1
                         0000A1-0000FF               5F
                         0001B8-0007FF              648
        BIGSFR           000F53-000FFC               AA
        CODE             000006-0007FF              7FA
                         004E88-007FFF             3178
        COMRAM           00005F-00005F                1
        CONST            000006-0007FF              7FA
                         004E88-007FFF             3178
        EEDATA           F00000-F000FF              100
        MEDIUMCONST      004E88-007FFF             3178
        RAM              0000A1-0000FF               5F
                         0001B8-0007FF              100
        SFR              000F53-000FFC                D
        SMALLCONST       004E88-007FFF              100

                                  Symbol Table

?___awmod                cstackCOMRAM 000013
?___fladd                cstackCOMRAM 000001
?___fldiv                cstackCOMRAM 000032
?___flmul                cstackCOMRAM 000011
?___flneg                cstackCOMRAM 000001
?___flsub                cstackCOMRAM 00002A
?___fltol                cstackBANK0  00008C
?___lmul                 cstackCOMRAM 000001
?___xxtofl               cstackCOMRAM 000001
?_fabsf                  cstackCOMRAM 000001
?_nanf                   cstackCOMRAM 000001
?_powf                   cstackBANK0  000084
?_rand                   cstackCOMRAM 00000D
?_scalbnf                cstackCOMRAM 00002A
?_sqrtf                  cstackCOMRAM 00003E
_ANSELB                  (abs)        000F5C
_ANSELD                  (abs)        000F5E
_LATB                    (abs)        000F8A
_LED_rand                nvBANK0      00009F
_PORTB                   (abs)        000F81
_PORTD                   (abs)        000F83
_TRISB                   (abs)        000F93
_TRISD                   (abs)        000F95
__HRAM                   (abs)        000000
__Habs1                  abs1         000000
__Hbank0                 bank0        000000
__Hbank1                 bank1        000000
__Hbank2                 bank2        000000
__Hbank3                 bank3        000000
__Hbank4                 bank4        000000
__Hbank5                 bank5        000000
__Hbank6                 bank6        000000
__Hbank7                 bank7        000000
__Hbigbss                bigbss       000000
__Hbigdata               bigdata      000000
__Hbigram                bigram       000000
__Hbigsfr                bigsfr       000000
__Hbss                   bss          000000
__HbssBANK0              bssBANK0     000000
__HbssCOMRAM             bssCOMRAM    000000
__Hcinit                 cinit        000000
__Hclrtext               clrtext      000000
__Hcomram                comram       000000
__Hconfig                config       30000E
__Hconst                 const        000000
__HcstackBANK0           cstackBANK0  000000
__HcstackBANK1           cstackBANK1  000000
__HcstackCOMRAM          cstackCOMRAM 000000
__Hdata                  data         000000
__Heeprom_data           eeprom_data  000000
__Hfarbss                farbss       000000
__Hfardata               fardata      000000
__Hheap                  heap         000000
__Hibigdata              ibigdata     000000
__Hidata                 idata        000000
__Hidloc                 idloc        200008
__Hifardata              ifardata     000000
__Hinit                  init         000006
__Hintcode               intcode      000002
__Hintcode_body          intcode_body 000000
__Hintcodelo             intcodelo    000002
__Hintentry              intentry     000000
__Hintret                intret       000000
__Hintsave_regs          intsave_regs 000000
__Hirdata                irdata       000000
__Hmediumconst           mediumconst  000000
__HnvBANK0               nvBANK0      000000
__HnvFARRAM              nvFARRAM     000000
__Hnvbit                 nvbit        000000
__Hnvrram                nvrram       000000
__Hparam                 rparam       000000
__Hpowerup               powerup      000002
__Hram                   ram          000000
__Hramtop                ramtop       000800
__Hrbit                  rbit         000000
__Hrbss                  rbss         000000
__Hrdata                 rdata        000000
__Hreset_vec             reset_vec    000002
__Hrparam                rparam       000000
__Hsfr                   sfr          000000
__Hsmallconst            smallconst   000880
__Hspace_0               (abs)        004E88
__Hspace_1               (abs)        0001B8
__Hspace_2               (abs)        000000
__Hspace_4               (abs)        60000E
__Hstack                 stack        000000
__Hstruct                struct       000000
__Htemp                  temp         000000
__Htext                  text         000000
__Htext0                 text0        000000
__Htext1                 text1        000000
__Htext10                text10       000000
__Htext11                text11       000000
__Htext12                text12       000000
__Htext13                text13       000000
__Htext14                text14       000000
__Htext15                text15       000000
__Htext16                text16       000000
__Htext17                text17       000000
__Htext2                 text2        000000
__Htext3                 text3        000000
__Htext4                 text4        000000
__Htext5                 text5        000000
__Htext6                 text6        000000
__Htext7                 text7        000000
__Htext8                 text8        000000
__Htext9                 text9        000000
__LRAM                   (abs)        000001
__Labs1                  abs1         000000
__Lbank0                 bank0        000000
__Lbank1                 bank1        000000
__Lbank2                 bank2        000000
__Lbank3                 bank3        000000
__Lbank4                 bank4        000000
__Lbank5                 bank5        000000
__Lbank6                 bank6        000000
__Lbank7                 bank7        000000
__Lbigbss                bigbss       000000
__Lbigdata               bigdata      000000
__Lbigram                bigram       000000
__Lbigsfr                bigsfr       000000
__Lbss                   bss          000000
__LbssBANK0              bssBANK0     000000
__LbssCOMRAM             bssCOMRAM    000000
__Lcinit                 cinit        000000
__Lclrtext               clrtext      000000
__Lcomram                comram       000000
__Lconfig                config       000000
__Lconst                 const        000000
__LcstackBANK0           cstackBANK0  000000
__LcstackBANK1           cstackBANK1  000000
__LcstackCOMRAM          cstackCOMRAM 000000
__Ldata                  data         000000
__Leeprom_data           eeprom_data  000000
__Lfarbss                farbss       000000
__Lfardata               fardata      000000
__Lheap                  heap         000000
__Libigdata              ibigdata     000000
__Lidata                 idata        000000
__Lidloc                 idloc        000000
__Lifardata              ifardata     000000
__Linit                  init         000002
__Lintcode               intcode      000002
__Lintcode_body          intcode_body 000000
__Lintcodelo             intcodelo    000002
__Lintentry              intentry     000000
__Lintret                intret       000000
__Lintsave_regs          intsave_regs 000000
__Lirdata                irdata       000000
__Lmediumconst           mediumconst  000000
__LnvBANK0               nvBANK0      000000
__LnvFARRAM              nvFARRAM     000000
__Lnvbit                 nvbit        000000
__Lnvrram                nvrram       000000
__Lparam                 rparam       000000
__Lpowerup               powerup      000002
__Lram                   ram          000000
__Lramtop                ramtop       000800
__Lrbit                  rbit         000000
__Lrbss                  rbss         000000
__Lrdata                 rdata        000000
__Lreset_vec             reset_vec    000000
__Lrparam                rparam       000000
__Lsfr                   sfr          000000
__Lsmallconst            smallconst   000800
__Lspace_0               (abs)        000000
__Lspace_1               (abs)        000000
__Lspace_2               (abs)        000000
__Lspace_4               (abs)        000000
__Lstack                 stack        000000
__Lstruct                struct       000000
__Ltemp                  temp         000000
__Ltext                  text         000000
__Ltext0                 text0        000000
__Ltext1                 text1        000000
__Ltext10                text10       000000
__Ltext11                text11       000000
__Ltext12                text12       000000
__Ltext13                text13       000000
__Ltext14                text14       000000
__Ltext15                text15       000000
__Ltext16                text16       000000
__Ltext17                text17       000000
__Ltext2                 text2        000000
__Ltext3                 text3        000000
__Ltext4                 text4        000000
__Ltext5                 text5        000000
__Ltext6                 text6        000000
__Ltext7                 text7        000000
__Ltext8                 text8        000000
__Ltext9                 text9        000000
__S0                     (abs)        004E88
__S1                     (abs)        0001B8
__S4                     (abs)        000000
__S5                     (abs)        000000
___awmod                 text17       004BF2
___awmod@counter         cstackCOMRAM 000017
___awmod@dividend        cstackCOMRAM 000013
___awmod@divisor         cstackCOMRAM 000015
___awmod@sign            cstackCOMRAM 000018
___fladd                 text12       003638
___fladd@a               cstackCOMRAM 000005
___fladd@aexp            cstackCOMRAM 00000E
___fladd@b               cstackCOMRAM 000001
___fladd@bexp            cstackCOMRAM 00000F
___fladd@grs             cstackCOMRAM 000010
___fladd@signs           cstackCOMRAM 00000D
___fldiv                 text14       003F22
___fldiv@a               cstackCOMRAM 000036
___fldiv@aexp            cstackCOMRAM 00004A
___fldiv@b               cstackCOMRAM 000032
___fldiv@bexp            cstackCOMRAM 000049
___fldiv@grs             cstackCOMRAM 000045
___fldiv@new_exp         cstackCOMRAM 000043
___fldiv@rem             cstackCOMRAM 00003E
___fldiv@sign            cstackCOMRAM 000042
___flge                  text6        004AEE
___flge@ff1              cstackCOMRAM 000032
___flge@ff2              cstackCOMRAM 000036
___flmul                 text8        003AF8
___flmul@a               cstackCOMRAM 000015
___flmul@aexp            cstackCOMRAM 000022
___flmul@b               cstackCOMRAM 000011
___flmul@bexp            cstackCOMRAM 000023
___flmul@grs             cstackCOMRAM 00001E
___flmul@prod            cstackCOMRAM 000024
___flmul@sign            cstackCOMRAM 00001D
___flmul@temp            cstackCOMRAM 000028
___flneg                 text13       004DBE
___flneg@f1              cstackCOMRAM 000001
___flsub                 text11       004D78
___flsub@a               cstackCOMRAM 00002E
___flsub@b               cstackCOMRAM 00002A
___fltol                 text16       0049E6
___fltol@exp1            cstackCOMRAM 000059
___fltol@f1              cstackBANK0  00008C
___fltol@sign1           cstackCOMRAM 000058
___heap_hi               (abs)        000000
___heap_lo               (abs)        000000
___inthi_sp              stack        000000
___intlo_sp              stack        000000
___lmul                  text2        004D0E
___lmul@multiplicand     cstackCOMRAM 000005
___lmul@multiplier       cstackCOMRAM 000001
___lmul@product          cstackCOMRAM 000009
___param_bank            (abs)        000000
___rparam_used           (abs)        000001
___sp                    stack        000000
___xxtofl                text10       004832
___xxtofl@arg            cstackCOMRAM 00000B
___xxtofl@exp            cstackCOMRAM 00000A
___xxtofl@sign           cstackCOMRAM 000009
___xxtofl@val            cstackCOMRAM 000001
__accesstop              (abs)        000060
__activetblptr           (abs)        000001
__end_of_L1              smallconst   00085D
__end_of_L2              smallconst   000859
__end_of_L3              smallconst   000855
__end_of_L4              smallconst   000851
__end_of_L5              smallconst   00084D
__end_of_L6              smallconst   000849
__end_of_P1              smallconst   000845
__end_of_P2              smallconst   000841
__end_of_P3              smallconst   00083D
__end_of_P4              smallconst   000839
__end_of_P5              smallconst   000835
__end_of___awmod         text17       004CA2
__end_of___fladd         text12       003AF8
__end_of___fldiv         text14       0042BC
__end_of___flge          text6        004BF2
__end_of___flmul         text8        003F22
__end_of___flneg         text13       004DF6
__end_of___flsub         text11       004DBE
__end_of___fltol         text16       004AEE
__end_of___lmul          text2        004D78
__end_of___xxtofl        text10       0049E6
__end_of__initialization cinit        004E3E
__end_of_bp              smallconst   000871
__end_of_cp              smallconst   000821
__end_of_cp_h            smallconst   00087D
__end_of_cp_l            smallconst   000879
__end_of_dp_h            smallconst   000811
__end_of_dp_l            smallconst   000809
__end_of_fabsf           text9        004E2A
__end_of_huge            smallconst   000865
__end_of_ivln2           smallconst   00081D
__end_of_ivln2_h         smallconst   000875
__end_of_ivln2_l         smallconst   000819
__end_of_lg2             smallconst   000831
__end_of_lg2_h           smallconst   00082D
__end_of_lg2_l           smallconst   000829
__end_of_main            text0        0045FE
__end_of_nanf            text5        004E6E
__end_of_ovt             smallconst   000825
__end_of_portsInit       text15       004E88
__end_of_powf            text3        003178
__end_of_rand            text1        004D0E
__end_of_scalbnf         text7        004832
__end_of_sqrtf           text4        003638
__end_of_tiny            smallconst   000861
__end_of_tiny@sqrtf$F627 smallconst   000815
__end_of_two24           smallconst   000869
__initialization         cinit        004E2A
__mediumconst            mediumconst  000000
__pbssBANK0              bssBANK0     000096
__pbssCOMRAM             bssCOMRAM    00005B
__pcinit                 cinit        004E2A
__pcstackBANK0           cstackBANK0  000060
__pcstackBANK1           cstackBANK1  000100
__pcstackCOMRAM          cstackCOMRAM 000001
__pnvBANK0               nvBANK0      00009F
__psmallconst            smallconst   000800
__ptext0                 text0        0042BC
__ptext1                 text1        004CA2
__ptext10                text10       004832
__ptext11                text11       004D78
__ptext12                text12       003638
__ptext13                text13       004DBE
__ptext14                text14       003F22
__ptext15                text15       004E6E
__ptext16                text16       0049E6
__ptext17                text17       004BF2
__ptext2                 text2        004D0E
__ptext3                 text3        000880
__ptext4                 text4        003178
__ptext5                 text5        004E4C
__ptext6                 text6        004AEE
__ptext7                 text7        0045FE
__ptext8                 text8        003AF8
__ptext9                 text9        004DF6
__ramtop                 ramtop       000800
__smallconst             smallconst   000800
_bp                      smallconst   000869
_buttonStatus            bssBANK0     00009E
_dp_h                    smallconst   000809
_dp_l                    smallconst   000801
_errno                   bssBANK0     00009A
_fabsf                   text9        004DF6
_i                       bssBANK0     00009C
_main                    text0        0042BC
_main$824                cstackBANK0  000092
_molePosition            nvBANK0      0000A0
_nanf                    text5        004E4C
_portsInit               text15       004E6E
_powf                    text3        000880
_powf$825                cstackBANK1  0001A0
_powf$826                cstackBANK1  000150
_powf$827                cstackBANK1  000144
_powf$828                cstackBANK1  000190
_powf$829                cstackBANK1  000130
_powf$830                cstackBANK1  000100
_powf$831                cstackBANK1  000104
_powf$832                cstackBANK1  000154
_powf$833                cstackBANK1  000108
_powf$834                cstackBANK1  000134
_powf$835                cstackBANK1  00010C
_powf$836                cstackBANK1  000110
_powf$837                cstackBANK1  000138
_powf$838                cstackBANK1  00013C
_rand                    text1        004CA2
_scalbnf                 text7        0045FE
_seed                    bssCOMRAM    00005B
_sqrtf                   text4        003178
end_of_initialization    cinit        004E3E
fabsf@F465               bssBANK0     000096
fabsf@u                  cstackCOMRAM 000005
fabsf@x                  cstackCOMRAM 000001
intlevel0                text         000000
intlevel1                text         000000
intlevel2                text         000000
intlevel3                text         000000
isa$std                  (abs)        000001
isa$xinst                (abs)        000000
main@i                   cstackBANK0  000090
main@i_65                cstackBANK0  000091
nanf@s                   cstackCOMRAM 000001
nanf@u                   cstackCOMRAM 000005
powf@__xc8_float_word    cstackBANK1  0001B4
powf@ax                  cstackBANK1  00016C
powf@hx                  cstackBANK1  00015C
powf@hy                  cstackBANK1  000180
powf@i                   cstackBANK1  000124
powf@is                  cstackBANK1  00018C
powf@ix                  cstackBANK1  0001A4
powf@iy                  cstackBANK1  000194
powf@j                   cstackBANK1  0001A8
powf@k                   cstackBANK1  00019C
powf@n                   cstackBANK1  000178
powf@p_h                 cstackBANK1  000198
powf@p_l                 cstackBANK1  000160
powf@r                   cstackBANK1  000148
powf@s                   cstackBANK1  000158
powf@s2                  cstackBANK1  000188
powf@s_h                 cstackBANK1  000168
powf@s_l                 cstackBANK1  000128
powf@sn                  cstackBANK1  000184
powf@t                   cstackBANK1  0001AC
powf@t1                  cstackBANK1  00017C
powf@t2                  cstackBANK1  000114
powf@t_h                 cstackBANK1  000164
powf@t_l                 cstackBANK1  00012C
powf@u                   cstackBANK1  000170
powf@v                   cstackBANK1  000174
powf@w                   cstackBANK1  000140
powf@x                   cstackBANK0  000084
powf@y                   cstackBANK0  000088
powf@y1                  cstackBANK1  000120
powf@yisint              cstackBANK1  00014C
powf@z                   cstackBANK1  0001B0
powf@z_h                 cstackBANK1  000118
powf@z_l                 cstackBANK1  00011C
scalbnf@n                cstackCOMRAM 00002E
scalbnf@u                cstackCOMRAM 000034
scalbnf@x                cstackCOMRAM 00002A
scalbnf@y                cstackCOMRAM 000038
sqrtf@__xc8_float_word   cstackBANK0  000068
sqrtf@i                  cstackBANK0  000064
sqrtf@ix                 cstackBANK0  000080
sqrtf@m                  cstackBANK0  000078
sqrtf@q                  cstackBANK0  00006C
sqrtf@r                  cstackBANK0  00007C
sqrtf@s                  cstackBANK0  000060
sqrtf@t                  cstackBANK0  000070
sqrtf@x                  cstackCOMRAM 00003E
sqrtf@z                  cstackBANK0  000074
stackhi                  (abs)        000000
stacklo                  (abs)        000000
start                    init         000002
start_initialization     cinit        004E2A


MODULE INFORMATION

Module		Function		Class		Link	Load	Size
C:\Program Files\Microchip\xc8\v2.36\pic\sources\c99\common\nanf.c
		_nanf          		CODE           	4E4C	0000	34

C:\Program Files\Microchip\xc8\v2.36\pic\sources\c99\common\nanf.c estimated size: 34

C:\Program Files\Microchip\xc8\v2.36\pic\sources\c99\common\rand.c
		_rand          		CODE           	4CA2	0000	108

C:\Program Files\Microchip\xc8\v2.36\pic\sources\c99\common\rand.c estimated size: 108

C:\Program Files\Microchip\xc8\v2.36\pic\sources\c99\common\sprcmul.c
		___flmul       		CODE           	3AF8	0000	1066

C:\Program Files\Microchip\xc8\v2.36\pic\sources\c99\common\sprcmul.c estimated size: 1066

C:\Program Files\Microchip\xc8\v2.36\pic\sources\c99\common\sprcdiv.c
		___fldiv       		CODE           	3F22	0000	922

C:\Program Files\Microchip\xc8\v2.36\pic\sources\c99\common\sprcdiv.c estimated size: 922

C:\Program Files\Microchip\xc8\v2.36\pic\sources\c99\common\Umul32.c
		___lmul        		CODE           	4D0E	0000	106

C:\Program Files\Microchip\xc8\v2.36\pic\sources\c99\common\Umul32.c estimated size: 106

C:\Program Files\Microchip\xc8\v2.36\pic\sources\c99\common\awmod.c
		___awmod       		CODE           	4BF2	0000	176

C:\Program Files\Microchip\xc8\v2.36\pic\sources\c99\common\awmod.c estimated size: 176

C:\Program Files\Microchip\xc8\v2.36\pic\sources\c99\common\scalbnf.c
		_scalbnf       		CODE           	45FE	0000	564

C:\Program Files\Microchip\xc8\v2.36\pic\sources\c99\common\scalbnf.c estimated size: 564

C:\Program Files\Microchip\xc8\v2.36\pic\sources\c99\common\xxtofl.c
		___xxtofl      		CODE           	4832	0000	436

C:\Program Files\Microchip\xc8\v2.36\pic\sources\c99\common\xxtofl.c estimated size: 436

C:\Program Files\Microchip\xc8\v2.36\pic\sources\c99\common\powf.c
		_powf          		CODE           	0880	0000	10488

C:\Program Files\Microchip\xc8\v2.36\pic\sources\c99\common\powf.c estimated size: 10488

C:\Program Files\Microchip\xc8\v2.36\pic\sources\c99\common\sprcadd.c
		___flsub       		CODE           	4D78	0000	70
		___fladd       		CODE           	3638	0000	1216

C:\Program Files\Microchip\xc8\v2.36\pic\sources\c99\common\sprcadd.c estimated size: 1286

C:\Program Files\Microchip\xc8\v2.36\pic\sources\c99\common\sqrtf.c
		_sqrtf         		CODE           	3178	0000	1216

C:\Program Files\Microchip\xc8\v2.36\pic\sources\c99\common\sqrtf.c estimated size: 1216

C:\Program Files\Microchip\xc8\v2.36\pic\sources\c99\common\fltol.c
		___fltol       		CODE           	49E6	0000	264

C:\Program Files\Microchip\xc8\v2.36\pic\sources\c99\common\fltol.c estimated size: 264

shared
		_L5            		SMALLCONST     	0000	0000	0
		_P3            		SMALLCONST     	0000	0000	0
		_L6            		SMALLCONST     	0000	0000	0
		_P4            		SMALLCONST     	0000	0000	0
		_P5            		SMALLCONST     	0000	0000	0
		_tiny@sqrtf$F627		SMALLCONST     	0000	0000	0
		_lg2_l         		SMALLCONST     	0000	0000	0
		_ivln2_l       		SMALLCONST     	0000	0000	0
		_ivln2         		SMALLCONST     	0000	0000	0
		__initialization		CODE           	4E2A	0000	20
		_bp            		SMALLCONST     	0869	0000	8
		_cp            		SMALLCONST     	0000	0000	0
		_cp_h          		SMALLCONST     	0000	0000	0
		_dp_h          		SMALLCONST     	0809	0000	8
		_lg2           		SMALLCONST     	0000	0000	0
		_lg2_h         		SMALLCONST     	0000	0000	0
		_ivln2_h       		SMALLCONST     	0000	0000	0
		_tiny          		SMALLCONST     	0000	0000	0
		_ovt           		SMALLCONST     	0000	0000	0
		_huge          		SMALLCONST     	0000	0000	0
		_two24         		SMALLCONST     	0000	0000	0
		_cp_l          		SMALLCONST     	0000	0000	0
		_dp_l          		SMALLCONST     	0801	0000	8
		_L1            		SMALLCONST     	0000	0000	0
		_L2            		SMALLCONST     	0000	0000	0
		_L3            		SMALLCONST     	0000	0000	0
		_P1            		SMALLCONST     	0000	0000	0
		_L4            		SMALLCONST     	0000	0000	0
		_P2            		SMALLCONST     	0000	0000	0

shared estimated size: 44

C:\Program Files\Microchip\xc8\v2.36\pic\sources\c99\common\flge.c
		___flge        		CODE           	4AEE	0000	260

C:\Program Files\Microchip\xc8\v2.36\pic\sources\c99\common\flge.c estimated size: 260

main.c
		_portsInit     		CODE           	4E6E	0000	26
		_main          		CODE           	42BC	0000	834

main.c estimated size: 860

C:\Program Files\Microchip\xc8\v2.36\pic\sources\c99\common\flneg.c
		___flneg       		CODE           	4DBE	0000	56

C:\Program Files\Microchip\xc8\v2.36\pic\sources\c99\common\flneg.c estimated size: 56

C:\Program Files\Microchip\xc8\v2.36\pic\sources\c99\common\fabsf.c
		_fabsf         		CODE           	4DF6	0000	52

C:\Program Files\Microchip\xc8\v2.36\pic\sources\c99\common\fabsf.c estimated size: 52

